../Core/Src/main.c:72:6:HAL_UART_RxCpltCallback	16	static
../Core/Src/main.c:88:6:HAL_TIM_PeriodElapsedCallback	104	static
../Core/Src/main.c:128:6:updateAdcVoltage	24	static
../Core/Src/main.c:138:7:calculateAverage	16	static
../Core/Src/main.c:151:7:ADC_REG2VOLTAGE	16	static
../Core/Src/main.c:155:7:convertADC_to_temp	24	static
../Core/Src/main.c:163:7:calculatePID	40	static
../Core/Src/main.c:179:5:main	8	static
../Core/Src/main.c:252:6:SystemClock_Config	88	static
../Core/Src/main.c:305:6:Error_Handler	4	static,ignoring_inline_asm
